// Jest Snapshot v1, https://goo.gl/fbAQLP

exports[`Test on <SearchScreen /> should be display correctly with default values 1`] = `
Array [
  <h1>
    Search Screen
  </h1>,
  <br />,
  <div
    className="row"
  >
    <div
      className="col-5"
    >
      <h4>
        Form
      </h4>
      <hr />
      <form
        onSubmit={[Function]}
      >
        <input
          autoComplete="off"
          className="form-control"
          name="searchText"
          onChange={[Function]}
          placeholder="Search a hero"
          type="text"
          value=""
        />
        <button
          className="btn btn-outline-primary mt-3 btn-block"
          onClick={[Function]}
          type="submit"
        >
          Search
        </button>
      </form>
    </div>
    <div
      className="col-7"
    >
      <h4>
        Results
      </h4>
      <hr />
      <div
        className="alert alert-info"
      >
        Search a hero
      </div>
    </div>
  </div>,
]
`;
